08:33:48 **** Incremental Build of configuration Debug for project STM32F030R8 ****
make -j8 all 
arm-none-eabi-gcc "../Src/main.c" -mcpu=cortex-m0 -std=gnu11 -g3 -DDEBUG -DSTM32F030R8Tx -DSTM32 -DSTM32F0 -DNUCLEO_F030R8 -c -I../Inc -I"C:/Users/jayansola.KANE/STM32Projects/STM32Project/STM32F030Rxx/STM32F030R8/Driver/Inc" -O0 -ffunction-sections -fdata-sections -Wall -fstack-usage -fcyclomatic-complexity -MMD -MP -MF"Src/main.d" -MT"Src/main.o" --specs=nano.specs -mfloat-abi=soft -mthumb -o "Src/main.o"
arm-none-eabi-gcc -o "STM32F030R8.elf" @"objects.list"   -mcpu=cortex-m0 -T"C:\Users\jayansola.KANE\STM32Projects\STM32Project\STM32F030Rxx\STM32F030R8\STM32F030R8TX_FLASH.ld" --specs=nosys.specs -Wl,-Map="STM32F030R8.map" -Wl,--gc-sections -static --specs=nano.specs -mfloat-abi=soft -mthumb -Wl,--start-group -lc -lm -Wl,--end-group
Finished building target: STM32F030R8.elf
 
arm-none-eabi-size  STM32F030R8.elf 
arm-none-eabi-objdump -h -S STM32F030R8.elf  > "STM32F030R8.list"
   text	   data	    bss	    dec	    hex	filename
    556	      4	   1620	   2180	    884	STM32F030R8.elf
Finished building: default.size.stdout
 
Finished building: STM32F030R8.list
 

08:33:48 Build Finished. 0 errors, 0 warnings. (took 701ms)

